<html>
<body>
<pre>
<h1>µVision Build Log</h1>
<h2>Tool Versions:</h2>
IDE-Version: µVision V5.12.0.0
Copyright (C) 2014 ARM Ltd and ARM Germany GmbH. All rights reserved.
License Information: Xiaotian Dai, Yunfei Robotics, LIC=Y2BZ9-4J0NH-F0UN5-GIKTI-HPE1W-6YZ2I
 
Tool Versions:
Toolchain:       MDK-ARM Professional  Version: 5.12.0.0
Toolchain Path:  C:\Keil_v5\ARM\ARMCC\Bin
C Compiler:      Armcc.exe V5.05 (build 41)
Assembler:       Armasm.exe V5.05 (build 41)
Linker/Locator:  ArmLink.exe V5.05 (build 41)
Library Manager: ArmAr.exe V5.05 (build 41)
Hex Converter:   FromElf.exe V5.05 (build 41)
CPU DLL:         SARMCM3.DLL V5.12.0.0
Dialog DLL:      DCM.DLL V1.13.0.0
    Target DLL: STLink\ST-LINKIII-KEIL_SWO.dll
Dialog DLL:      TCM.DLL V1.14.2.0
 
<h2>Project:</h2>
C:\Users\Ariel\Desktop\workspace\git\miniBalance\Project\STM32F10x_StdPeriph_Template\MDK-ARM\Project.uvprojx
Project File Date:  11/10/2016

<h2>Output:</h2>
Rebuild target 'STM32F103C8'
compiling stm32f10x_it.c...
compiling main.c...
compiling stm32f10x_rcc.c...
compiling stm32f10x_gpio.c...
compiling misc.c...
compiling stm32f10x_usart.c...
compiling stm32f10x_exti.c...
compiling core_cm3.c...
compiling system_stm32f10x.c...
assembling startup_stm32f10x_hd_vl.s...
compiling led.c...
compiling usart1.c...
compiling delay.c...
compiling inv_mpu.c...
compiling inv_mpu_dmp_motion_driver.c...
compiling IOI2C.c...
compiling oled.c...
compiling timer.c...
compiling MPU6050.c...
compiling usart3.c...
compiling key.c...
compiling adc.c...
compiling filter.c...
compiling DataScope_DP.C...
compiling show.c...
compiling MiniBalance.c...
linking...
Program Size: Code=21444 RO-data=6468 RW-data=348 ZI-data=2124  
FromELF: creating hex file...
"..\..\..\HEX_OUTPUT\STM32100E-EVAL.axf" - 0 Error(s), 0 Warning(s).

<h2>Collection of Component include folders:</h2>
  C:\Users\Ariel\Desktop\workspace\git\miniBalance\Project\STM32F10x_StdPeriph_Template\MDK-ARM\RTE
  C:\Keil_v5\ARM\PACK\Keil\STM32F1xx_DFP\2.1.0

<h2>Collection of Component Files used:</h2>
Load "..\\..\\..\\HEX_OUTPUT\\STM32100E-EVAL.axf" 
Error: Flash Download failed  -  Target DLL has been cancelled
Load "..\\..\\..\\HEX_OUTPUT\\STM32100E-EVAL.axf" 
Erase Done.
Programming Done.
Verify OK.
Application running ...
</pre>
</body>
</html>
arget not created.
upport\ST\STM32F10x\stm32f10x.h(298): error:  #67: expected a "}"
    ADC1_2_IRQn                 = 18,     /*!< ADC1 and ADC2 global Interrupt                       */
..\..\..\Libraries\CMSIS\CM3\DeviceSupport\ST\STM32F10x\stm32f10x.h(472): warning:  #12-D: parsing restarts here after previous syntax error
  } IRQn_Type;
..\..\..\Libraries\STM32F10x_StdPeriph_Driver\src\stm32f10x_gpio.c: 1 warning, 1 error
compiling misc.c...
..\..\..\Libraries\CMSIS\CM3\DeviceSupport\ST\STM32F10x\stm32f10x.h(298): error:  #67: expected a "}"
    ADC1_2_IRQn                 = 18,     /*!< ADC1 and ADC2 global Interrupt                       */
..\..\..\Libraries\CMSIS\CM3\DeviceSupport\ST\STM32F10x\stm32f10x.h(472): warning:  #12-D: parsing restarts here after previous syntax error
  } IRQn_Type;
..\..\..\Libraries\STM32F10x_StdPeriph_Driver\src\misc.c: 1 warning, 1 error
compiling stm32f10x_usart.c...
..\..\..\Libraries\CMSIS\CM3\DeviceSupport\ST\STM32F10x\stm32f10x.h(298): error:  #67: expected a "}"
    ADC1_2_IRQn                 = 18,     /*!< ADC1 and ADC2 global Interrupt                       */
..\..\..\Libraries\CMSIS\CM3\DeviceSupport\ST\STM32F10x\stm32f10x.h(472): warning:  #12-D: parsing restarts here after previous syntax error
  } IRQn_Type;
..\..\..\Libraries\STM32F10x_StdPeriph_Driver\src\stm32f10x_usart.c: 1 warning, 1 error
compiling stm32f10x_exti.c...
..\..\..\Libraries\CMSIS\CM3\DeviceSupport\ST\STM32F10x\stm32f10x.h(298): error:  #67: expected a "}"
    ADC1_2_IRQn                 = 18,     /*!< ADC1 and ADC2 global Interrupt                       */
..\..\..\Libraries\CMSIS\CM3\DeviceSupport\ST\STM32F10x\stm32f10x.h(472): warning:  #12-D: parsing restarts here after previous syntax error
  } IRQn_Type;
..\..\..\Libraries\STM32F10x_StdPeriph_Driver\src\stm32f10x_exti.c: 1 warning, 1 error
compiling core_cm3.c...
compiling system_stm32f10x.c...
..\..\..\Libraries\CMSIS\CM3\DeviceSupport\ST\STM32F10x\stm32f10x.h(298): error:  #67: expected a "}"
    ADC1_2_IRQn                 = 18,     /*!< ADC1 and ADC2 global Interrupt                       */
..\..\..\Libraries\CMSIS\CM3\DeviceSupport\ST\STM32F10x\stm32f10x.h(472): warning:  #12-D: parsing restarts here after previous syntax error
  } IRQn_Type;
..\system_stm32f10x.c: 1 warning, 1 error
assembling startup_stm32f10x_hd_vl.s...
compiling led.c...
..\..\..\Libraries\CMSIS\CM3\DeviceSupport\ST\STM32F10x\stm32f10x.h(298): error:  #67: expected a "}"
    ADC1_2_IRQn                 = 18,     /*!< ADC1 and ADC2 global Interrupt                       */
..\..\..\Libraries\CMSIS\CM3\DeviceSupport\ST\STM32F10x\stm32f10x.h(472): warning:  #12-D: parsing restarts here after previous syntax error
  } IRQn_Type;
..\..\..\drivers\led\led.c: 1 warning, 1 error
compiling usart1.c...
..\..\..\Libraries\CMSIS\CM3\DeviceSupport\ST\STM32F10x\stm32f10x.h(298): error:  #67: expected a "}"
    ADC1_2_IRQn                 = 18,     /*!< ADC1 and ADC2 global Interrupt                       */
..\..\..\Libraries\CMSIS\CM3\DeviceSupport\ST\STM32F10x\stm32f10x.h(472): warning:  #12-D: parsing restarts here after previous syntax error
  } IRQn_Type;
..\..\..\drivers\usart1\usart1.c: 1 warning, 1 error
compiling delay.c...
..\..\..\Libraries\CMSIS\CM3\DeviceSupport\ST\STM32F10x\stm32f10x.h(298): error:  #67: expected a "}"
    ADC1_2_IRQn                 = 18,     /*!< ADC1 and ADC2 global Interrupt                       */
..\..\..\Libraries\CMSIS\CM3\DeviceSupport\ST\STM32F10x\stm32f10x.h(472): warning:  #12-D: parsing restarts here after previous syntax error
  } IRQn_Type;
..\..\..\drivers\delay\delay.c: 1 warning, 1 error
compiling inv_mpu.c...
..\..\..\Libraries\CMSIS\CM3\DeviceSupport\ST\STM32F10x\stm32f10x.h(298): error:  #67: expected a "}"
    ADC1_2_IRQn                 = 18,     /*!< ADC1 and ADC2 global Interrupt                       */
..\..\..\Libraries\CMSIS\CM3\DeviceSupport\ST\STM32F10x\stm32f10x.h(472): warning:  #12-D: parsing restarts here after previous syntax error
  } IRQn_Type;
..\..\..\drivers\DMP\inv_mpu.c: 1 warning, 1 error
compiling inv_mpu_dmp_motion_driver.c...
..\..\..\Libraries\CMSIS\CM3\DeviceSupport\ST\STM32F10x\stm32f10x.h(298): error:  #67: expected a "}"
    ADC1_2_IRQn                 = 18,     /*!< ADC1 and ADC2 global Interrupt                       */
..\..\..\Libraries\CMSIS\CM3\DeviceSupport\ST\STM32F10x\stm32f10x.h(472): warning:  #12-D: parsing restarts here after previous syntax error
  } IRQn_Type;
..\..\..\drivers\DMP\inv_mpu_dmp_motion_driver.c: 1 warning, 1 error
compiling IOI2C.c...
..\..\..\Libraries\CMSIS\CM3\DeviceSupport\ST\STM32F10x\stm32f10x.h(298): error:  #67: expected a "}"
    ADC1_2_IRQn                 = 18,     /*!< ADC1 and ADC2 global Interrupt                       */
..\..\..\Libraries\CMSIS\CM3\DeviceSupport\ST\STM32F10x\stm32f10x.h(472): warning:  #12-D: parsing restarts here after previous syntax error
  } IRQn_Type;
..\..\..\drivers\IIC\IOI2C.c: 1 warning, 1 error
compiling oled.c...
..\..\..\Libraries\CMSIS\CM3\DeviceSupport\ST\STM32F10x\stm32f10x.h(298): error:  #67: expected a "}"
    ADC1_2_IRQn                 = 18,     /*!< ADC1 and ADC2 global Interrupt                       */
..\..\..\Libraries\CMSIS\CM3\DeviceSupport\ST\STM32F10x\stm32f10x.h(472): warning:  #12-D: parsing restarts here after previous syntax error
  } IRQn_Type;
..\..\..\drivers\OLED\oled.c: 1 warning, 1 error
compiling timer.c...
..\..\..\Libraries\CMSIS\CM3\DeviceSupport\ST\STM32F10x\stm32f10x.h(298): error:  #67: expected a "}"
    ADC1_2_IRQn                 = 18,     /*!< ADC1 and ADC2 global Interrupt                       */
..\..\..\Libraries\CMSIS\CM3\DeviceSupport\ST\STM32F10x\stm32f10x.h(472): warning:  #12-D: parsing restarts here after previous syntax error
  } IRQn_Type;
..\..\..\drivers\TIMER\timer.c: 1 warning, 1 error
compiling MPU6050.c...
..\..\..\Libraries\CMSIS\CM3\DeviceSupport\ST\STM32F10x\stm32f10x.h(298): error:  #67: expected a "}"
    ADC1_2_IRQn                 = 18,     /*!< ADC1 and ADC2 global Interrupt                       */
..\..\..\Libraries\CMSIS\CM3\DeviceSupport\ST\STM32F10x\stm32f10x.h(472): warning:  #12-D: parsing restarts here after previous syntax error
  } IRQn_Type;
..\..\..\drivers\MPU6050\MPU6050.c: 1 warning, 1 error
compiling usart3.c...
..\..\..\Libraries\CMSIS\CM3\DeviceSupport\ST\STM32F10x\stm32f10x.h(298): error:  #67: expected a "}"
    ADC1_2_IRQn                 = 18,     /*!< ADC1 and ADC2 global Interrupt                       */
..\..\..\Libraries\CMSIS\CM3\DeviceSupport\ST\STM32F10x\stm32f10x.h(472): warning:  #12-D: parsing restarts here after previous syntax error
  } IRQn_Type;
..\..\..\drivers\usart3\usart3.c: 1 warning, 1 error
compiling key.c...
..\..\..\Libraries\CMSIS\CM3\DeviceSupport\ST\STM32F10x\stm32f10x.h(298): error:  #67: expected a "}"
    ADC1_2_IRQn                 = 18,     /*!< ADC1 and ADC2 global Interrupt                       */
..\..\..\Libraries\CMSIS\CM3\DeviceSupport\ST\STM32F10x\stm32f10x.h(472): warning:  #12-D: parsing restarts here after previous syntax error
  } IRQn_Type;
..\..\..\drivers\KEY\key.c: 1 warning, 1 error
compiling adc.c...
..\..\..\Libraries\CMSIS\CM3\DeviceSupport\ST\STM32F10x\stm32f10x.h(298): error:  #67: expected a "}"
    ADC1_2_IRQn                 = 18,     /*!< ADC1 and ADC2 global Interrupt                       */
..\..\..\Libraries\CMSIS\CM3\DeviceSupport\ST\STM32F10x\stm32f10x.h(472): warning:  #12-D: parsing restarts here after previous syntax error
  } IRQn_Type;
..\..\..\drivers\ADC\adc.c: 1 warning, 1 error
compiling filter.c...
compiling DataScope_DP.C...
compiling show.c...
..\..\..\Libraries\CMSIS\CM3\DeviceSupport\ST\STM32F10x\stm32f10x.h(298): error:  #67: expected a "}"
    ADC1_2_IRQn                 = 18,     /*!< ADC1 and ADC2 global Interrupt                       */
..\..\..\Libraries\CMSIS\CM3\DeviceSupport\ST\STM32F10x\stm32f10x.h(472): warning:  #12-D: parsing restarts here after previous syntax error
  } IRQn_Type;
..\..\..\drivers\show\show.c: 1 warning, 1 error
compiling MiniBalance.c...
..\..\..\Libraries\CMSIS\CM3\DeviceSupport\ST\STM32F10x\stm32f10x.h(298): error:  #67: expected a "}"
    ADC1_2_IRQn                 = 18,     /*!< ADC1 and ADC2 global Interrupt                       */
..\..\..\Libraries\CMSIS\CM3\DeviceSupport\ST\STM32F10x\stm32f10x.h(472): warning:  #12-D: parsing restarts here after previous syntax error
  } IRQn_Type;
..\..\..\drivers\MiniBalance\MiniBalance.c: 1 warning, 1 error
"..\..\..\HEX_OUTPUT\STM32100E-EVAL.axf" - 22 Error(s), 22 Warning(s).

<h2>Collection of Component include folders:</h2>
  C:\Users\Ariel\Desktop\workspace\git\miniBalance\Project\STM32F10x_StdPeriph_Template\MDK-ARM\RTE
  C:\Keil_v5\ARM\PACK\Keil\STM32F1xx_DFP\2.1.0

<h2>Collection of Component Files used:</h2>
Target not created.
rs\DataScope_DP\DataScope_DP.C(73): warning:  #111-D: statement is unreachable
                 case 8:   DataScope_OutPut_Buffer[33] = 33; return 34; break;
..\..\..\drivers\DataScope_DP\DataScope_DP.C(74): warning:  #111-D: statement is unreachable
                 case 9:   DataScope_OutPut_Buffer[37] = 37; return 38; break;
..\..\..\drivers\DataScope_DP\DataScope_DP.C(75): warning:  #111-D: statement is unreachable
                case 10:  DataScope_OutPut_Buffer[41] = 41; return 42; break;
..\..\..\drivers\DataScope_DP\DataScope_DP.C: 10 warnings, 0 errors
compiling show.c...
..\..\..\Libraries\CMSIS\CM3\DeviceSupport\ST\STM32F10x\stm32f10x.h(298): error:  #67: expected a "}"
    ADC1_2_IRQn                 = 18,     /*!< ADC1 and ADC2 global Interrupt                       */
..\..\..\Libraries\CMSIS\CM3\DeviceSupport\ST\STM32F10x\stm32f10x.h(472): warning:  #12-D: parsing restarts here after previous syntax error
  } IRQn_Type;
..\..\..\drivers\show\show.c: 1 warning, 1 error
compiling MiniBalance.c...
..\..\..\Libraries\CMSIS\CM3\DeviceSupport\ST\STM32F10x\stm32f10x.h(298): error:  #67: expected a "}"
    ADC1_2_IRQn                 = 18,     /*!< ADC1 and ADC2 global Interrupt                       */
..\..\..\Libraries\CMSIS\CM3\DeviceSupport\ST\STM32F10x\stm32f10x.h(472): warning:  #12-D: parsing restarts here after previous syntax error
  } IRQn_Type;
..\..\..\drivers\MiniBalance\MiniBalance.c: 1 warning, 1 error
"..\..\..\HEX_OUTPUT\STM32100E-EVAL.axf" - 22 Error(s), 32 Warning(s).

<h2>Collection of Component include folders:</h2>
  C:\Users\Ariel\Desktop\workspace\git\miniBalance\Project\STM32F10x_StdPeriph_Template\MDK-ARM\RTE
  C:\Keil_v5\ARM\PACK\Keil\STM32F1xx_DFP\2.1.0

<h2>Collection of Component Files used:</h2>
Target not created.
